http_interactions:
- request:
    method: get
    uri: https://api.opencagedata.com/geocode/v1/json?q=47.21864%2C-1.554136&limit=1&no_annotations=1&no_dedupe=0&no_record=0&abbrv=0&add_request=1&key=<<<oc_api_key>>>
    body:
      encoding: ''
      string: ''
    headers:
      Accept-Encoding: gzip, deflate
      Accept: application/json, text/xml, application/xml, */*
      User-Agent: https://github.com/ropensci/opencage
  response:
    status:
      status_code: '200'
      message: OK
      explanation: Request fulfilled, document follows
    headers:
      status: HTTP/1.1 200 OK
      date: Wed, 17 Jul 2019 13:30:14 GMT
      server: Apache/2.4.29 (Ubuntu)
      access-control-allow-origin: '*'
      x-ratelimit-limit: '2500'
      x-ratelimit-remaining: '2472'
      x-ratelimit-reset: '1563408000'
      transfer-encoding: chunked
      content-type: application/json; charset=utf-8
      strict-transport-security: max-age=31536000; includeSubDomains
    body:
      encoding: UTF-8
      string: '{"documentation":"https://opencagedata.com/api","licenses":[{"name":"see
        attribution guide","url":"https://opencagedata.com/credits"}],"rate":{"limit":2500,"remaining":2472,"reset":1563408000},"request":{"abbrv":0,"add_request":1,"autocomplete":0,"format":"json","key":"<<<oc_api_key>>>","language":"en","limit":1,"min_confidence":0,"no_annotations":1,"no_dedupe":0,"no_record":0,"only_nominatim":0,"pretty":0,"proximity":"","query":"47.21864,-1.554136","roadinfo":0,"version":"v1"},"results":[{"components":{"ISO_3166-1_alpha-2":"FR","ISO_3166-1_alpha-3":"FRA","_type":"building","city":"Nantes","continent":"Europe","country":"France","country_code":"fr","house_number":"5","political_union":"European
        Union","postcode":"44000","state":"Pays de la Loire","state_code":"PDL","state_district":"Loire-Atlantique","street":"Rue
        Garde Dieu"},"confidence":10,"formatted":"5 Rue Garde Dieu, 44000 Nantes,
        France","geometry":{"lat":47.218891,"lng":-1.554403}}],"status":{"code":200,"message":"OK"},"stay_informed":{"blog":"https://blog.opencagedata.com","twitter":"https://twitter.com/opencagedata"},"thanks":"For
        using an OpenCage API","timestamp":{"created_http":"Wed, 17 Jul 2019 13:30:14
        GMT","created_unix":1563370214},"total_results":1}'
  recorded_at: 2019-07-17 13:30:17 GMT
  recorded_with: vcr/0.2.6, webmockr/0.3.4
- request:
    method: get
    uri: https://api.opencagedata.com/geocode/v1/json?q=53.55034%2C10.000654&limit=1&no_annotations=1&no_dedupe=0&no_record=0&abbrv=0&add_request=1&key=<<<oc_api_key>>>
    body:
      encoding: ''
      string: ''
    headers:
      Accept-Encoding: gzip, deflate
      Accept: application/json, text/xml, application/xml, */*
      User-Agent: https://github.com/ropensci/opencage
  response:
    status:
      status_code: '200'
      message: OK
      explanation: Request fulfilled, document follows
    headers:
      status: HTTP/1.1 200 OK
      date: Wed, 17 Jul 2019 13:30:15 GMT
      server: Apache/2.4.29 (Ubuntu)
      access-control-allow-origin: '*'
      x-ratelimit-limit: '2500'
      x-ratelimit-remaining: '2470'
      x-ratelimit-reset: '1563408000'
      transfer-encoding: chunked
      content-type: application/json; charset=utf-8
      strict-transport-security: max-age=31536000; includeSubDomains
    body:
      encoding: UTF-8
      string: '{"documentation":"https://opencagedata.com/api","licenses":[{"name":"see
        attribution guide","url":"https://opencagedata.com/credits"}],"rate":{"limit":2500,"remaining":2470,"reset":1563408000},"request":{"abbrv":0,"add_request":1,"autocomplete":0,"format":"json","key":"<<<oc_api_key>>>","language":"en","limit":1,"min_confidence":0,"no_annotations":1,"no_dedupe":0,"no_record":0,"only_nominatim":0,"pretty":0,"proximity":"","query":"53.55034,10.000654","roadinfo":0,"version":"v1"},"results":[{"bounds":{"northeast":{"lat":53.5505733,"lng":10.0012761},"southwest":{"lat":53.5501368,"lng":10.0002381}},"components":{"ISO_3166-1_alpha-2":"DE","ISO_3166-1_alpha-3":"DEU","_type":"building","city":"Hamburg","city_district":"Hamburg-Mitte","continent":"Europe","country":"Germany","country_code":"de","house_number":"22","political_union":"European
        Union","postcode":"20095","road":"Jakobikirchhof","state":"Hamburg","state_code":"HH","suburb":"Hamburg-Altstadt","unknown":"Evangelisch-lutherische
        Hauptkirche St. Jacobi"},"confidence":10,"formatted":"Evangelisch-lutherische
        Hauptkirche St. Jacobi, Jakobikirchhof 22, 20095 Hamburg, Germany","geometry":{"lat":53.5503571,"lng":10.0007413}}],"status":{"code":200,"message":"OK"},"stay_informed":{"blog":"https://blog.opencagedata.com","twitter":"https://twitter.com/opencagedata"},"thanks":"For
        using an OpenCage API","timestamp":{"created_http":"Wed, 17 Jul 2019 13:30:15
        GMT","created_unix":1563370215},"total_results":1}'
  recorded_at: 2019-07-17 13:30:17 GMT
  recorded_with: vcr/0.2.6, webmockr/0.3.4
- request:
    method: get
    uri: https://api.opencagedata.com/geocode/v1/json?q=34.05369%2C-118.242767&limit=1&no_annotations=1&no_dedupe=0&no_record=0&abbrv=0&add_request=1&key=<<<oc_api_key>>>
    body:
      encoding: ''
      string: ''
    headers:
      Accept-Encoding: gzip, deflate
      Accept: application/json, text/xml, application/xml, */*
      User-Agent: https://github.com/ropensci/opencage
  response:
    status:
      status_code: '200'
      message: OK
      explanation: Request fulfilled, document follows
    headers:
      status: HTTP/1.1 200 OK
      date: Wed, 17 Jul 2019 13:30:17 GMT
      server: Apache/2.4.29 (Ubuntu)
      access-control-allow-origin: '*'
      x-ratelimit-limit: '2500'
      x-ratelimit-remaining: '2468'
      x-ratelimit-reset: '1563408000'
      transfer-encoding: chunked
      content-type: application/json; charset=utf-8
      strict-transport-security: max-age=31536000; includeSubDomains
    body:
      encoding: UTF-8
      string: '{"documentation":"https://opencagedata.com/api","licenses":[{"name":"see
        attribution guide","url":"https://opencagedata.com/credits"}],"rate":{"limit":2500,"remaining":2468,"reset":1563408000},"request":{"abbrv":0,"add_request":1,"autocomplete":0,"format":"json","key":"<<<oc_api_key>>>","language":"en","limit":1,"min_confidence":0,"no_annotations":1,"no_dedupe":0,"no_record":0,"only_nominatim":0,"pretty":0,"proximity":"","query":"34.05369,-118.242767","roadinfo":0,"version":"v1"},"results":[{"bounds":{"northeast":{"lat":34.0543713,"lng":-118.2420052},"southwest":{"lat":34.0530141,"lng":-118.24353}},"components":{"ISO_3166-1_alpha-2":"US","ISO_3166-1_alpha-3":"USA","_type":"building","building":"Los
        Angeles City Hall","city":"Los Angeles","continent":"North America","country":"USA","country_code":"us","county":"Los
        Angeles County","house_number":"200","neighbourhood":"Civic Center","postcode":"90012","road":"North
        Spring Street","state":"California","state_code":"CA","suburb":"Little Tokyo
        Historic District"},"confidence":10,"formatted":"Los Angeles City Hall, 200
        North Spring Street, Los Angeles, CA 90012, United States of America","geometry":{"lat":34.053696,"lng":-118.2429212}}],"status":{"code":200,"message":"OK"},"stay_informed":{"blog":"https://blog.opencagedata.com","twitter":"https://twitter.com/opencagedata"},"thanks":"For
        using an OpenCage API","timestamp":{"created_http":"Wed, 17 Jul 2019 13:30:17
        GMT","created_unix":1563370217},"total_results":1}'
  recorded_at: 2019-07-17 13:30:17 GMT
  recorded_with: vcr/0.2.6, webmockr/0.3.4
